
> anseru@0.0.0 build
> tsc -b && vite build

src/components/Carousel.tsx(1,8): error TS6133: 'React' is declared but its value is never read.
src/components/Features.tsx(167,55): error TS2322: Type '{ children: Element; width: string; height: string; "md:width": string; "md:height": string; viewBox: string; fill: string; className: string; }' is not assignable to type 'SVGProps<SVGSVGElement>'.
  Property 'md:width' does not exist on type 'SVGProps<SVGSVGElement>'.
src/components/Features.tsx(180,55): error TS2322: Type '{ children: Element; width: string; height: string; "md:width": string; "md:height": string; viewBox: string; fill: string; className: string; }' is not assignable to type 'SVGProps<SVGSVGElement>'.
  Property 'md:width' does not exist on type 'SVGProps<SVGSVGElement>'.
src/components/SecurityComplianceDiagram.tsx(69,45): error TS2322: Type '{ children: Element[]; width: string; height: string; "md:width": string; "md:height": string; viewBox: string; fill: string; stroke: string; strokeWidth: string; strokeLinecap: "round"; strokeLinejoin: "round"; className: string; }' is not assignable to type 'SVGProps<SVGSVGElement>'.
  Property 'md:width' does not exist on type 'SVGProps<SVGSVGElement>'.
src/components/SecurityComplianceDiagram.tsx(86,45): error TS2322: Type '{ children: Element[]; width: string; height: string; "md:width": string; "md:height": string; viewBox: string; fill: string; stroke: string; strokeWidth: string; strokeLinecap: "round"; strokeLinejoin: "round"; className: string; }' is not assignable to type 'SVGProps<SVGSVGElement>'.
  Property 'md:width' does not exist on type 'SVGProps<SVGSVGElement>'.
src/components/SecurityComplianceDiagram.tsx(101,45): error TS2322: Type '{ children: Element[]; width: string; height: string; "md:width": string; "md:height": string; viewBox: string; fill: string; stroke: string; strokeWidth: string; strokeLinecap: "round"; strokeLinejoin: "round"; className: string; }' is not assignable to type 'SVGProps<SVGSVGElement>'.
  Property 'md:width' does not exist on type 'SVGProps<SVGSVGElement>'.
src/pages/index.tsx(5,1): error TS6133: 'HowItWorks' is declared but its value is never read.
